// Jest Snapshot v1, https://goo.gl/fbAQLP

exports[`config function initBuild default 1`] = `"builderz"`;

exports[`config function initBuild default 2`] = `
Object {
  "builderz": Object {
    "camelizedName": "builderz",
    "dist": "D:\\\\projects\\\\js\\\\published\\\\builderz\\\\dist",
    "ext": "js",
  },
}
`;

exports[`config function initBuild given path 1`] = `
Array [
  Object {
    "author": "Jalal Maskoun <jimmy002020@gmail.com>",
    "bugs": Object {
      "url": "https://github.com/jalal246/folo/issues",
    },
    "dependencies": undefined,
    "description": "utils used in folo packages",
    "files": Array [
      "src",
      "dist",
      "README.md",
    ],
    "homepage": "https://github.com/jalal246/folo",
    "keywords": Array [
      "@folo",
      "@folo/layout",
      "@folo/values",
      "@folo/forms",
      "@folo/withcontext",
      "react",
      "react-component",
      "utility",
      "toolkit",
    ],
    "license": "MIT",
    "main": "dist/foloUtils.cjs.js",
    "module": "dist/foloUtils.esm.js",
    "name": "@folo/utils",
    "peerDependencies": undefined,
    "publishConfig": Object {
      "access": "public",
    },
    "repository": "https://github.com/jalal246/folo/tree/master/packages/folo-utils",
    "scripts": Object {},
    "sourcePath": "D:\\\\projects\\\\js\\\\published\\\\builderz\\\\test\\\\samples\\\\packages-valid\\\\folo-utils\\\\src\\\\index.js",
    "umd:main": "dist/foloUtils.min.umd.js",
    "version": "0.1.3",
  },
  Object {
    "author": "Jalal Maskoun <jimmy002020@gmail.com>",
    "bugs": Object {
      "url": "https://github.com/jalal246/folo/issues",
    },
    "dependencies": undefined,
    "description": "micro HOC compose component accepts custom context values as props",
    "files": Array [
      "src",
      "dist",
      "README.md",
    ],
    "homepage": "https://github.com/jalal246/folo",
    "keywords": Array [
      "@folo",
      "@folo/forms",
      "@folo/withcontext",
      "@folo/values",
      "@folo/layout",
      "@folo/utils",
      "react",
      "react-component",
      "context",
      "HOC",
      "utility",
      "higher-order",
      "toolkit",
    ],
    "license": "MIT",
    "main": "dist/foloWithcontext.cjs.js",
    "module": "dist/foloWithcontext.esm.js",
    "name": "@folo/withcontext",
    "peerDependencies": Object {
      "react": "^16.4.1",
    },
    "publishConfig": Object {
      "access": "public",
    },
    "repository": "https://github.com/jalal246/folo/tree/master/packages/folo-withcontext",
    "scripts": Object {},
    "sourcePath": "D:\\\\projects\\\\js\\\\published\\\\builderz\\\\test\\\\samples\\\\packages-valid\\\\folo-withcontext\\\\src\\\\index.js",
    "umd:main": "dist/foloWithcontext.min.umd.js",
    "version": "0.1.5",
  },
  Object {
    "author": "Jalal Maskoun <jimmy002020@gmail.com>",
    "bugs": Object {
      "url": "https://github.com/jalal246/folo/issues",
    },
    "dependencies": Object {
      "@folo/withcontext": "^0.1.5",
    },
    "description": "micro css grid react-components",
    "files": Array [
      "src",
      "dist",
      "README.md",
    ],
    "homepage": "https://github.com/jalal246/folo",
    "keywords": Array [
      "@folo",
      "@folo/forms",
      "@folo/withcontext",
      "@folo/values",
      "@folo/layout",
      "@folo/utils",
      "react",
      "react-component",
      "context",
      "css-grid",
      "css-layout",
      "form-builder-api",
      "dynamic-forms",
    ],
    "license": "MIT",
    "main": "dist/foloLayout.cjs.js",
    "module": "dist/foloLayout.esm.js",
    "name": "@folo/layout",
    "peerDependencies": Object {
      "prop-types": "^15.6.2",
      "react": "^16.8.0",
    },
    "publishConfig": Object {
      "access": "public",
    },
    "repository": "https://github.com/jalal246/folo/tree/master/packages/folo-layout",
    "scripts": Object {},
    "sourcePath": "D:\\\\projects\\\\js\\\\published\\\\builderz\\\\test\\\\samples\\\\packages-valid\\\\folo-layout\\\\src\\\\index.js",
    "umd:main": "dist/foloLayout.min.umd.js",
    "version": "0.1.4",
  },
  Object {
    "author": "Jalal Maskoun <jimmy002020@gmail.com>",
    "bugs": Object {
      "url": "https://github.com/jalal246/folo/issues",
    },
    "dependencies": Object {
      "@folo/layout": "^0.1.4",
      "@folo/values": "^0.1.4",
    },
    "description": "Full package combined of @folo/layout & @folo/values",
    "files": Array [
      "src",
      "dist",
      "README.md",
    ],
    "homepage": "https://github.com/jalal246/folo",
    "keywords": Array [
      "@folo",
      "@folo/forms",
      "@folo/withcontext",
      "@folo/values",
      "@folo/layout",
      "@folo/utils",
      "react",
      "react-component",
      "context",
      "css-grid",
      "css-layout",
      "form-builder-api",
      "dynamic-forms",
    ],
    "license": "MIT",
    "main": "dist/foloForms.cjs.js",
    "module": "dist/foloForms.esm.js",
    "name": "@folo/forms",
    "peerDependencies": Object {
      "prop-types": "^15.6.2",
      "react": "^16.8.0",
    },
    "publishConfig": Object {
      "access": "public",
    },
    "repository": "https://github.com/jalal246/folo/tree/master/packages/folo-forms",
    "scripts": Object {},
    "sourcePath": "D:\\\\projects\\\\js\\\\published\\\\builderz\\\\test\\\\samples\\\\packages-valid\\\\folo-forms\\\\src\\\\index.js",
    "umd:main": "dist/foloForms.min.umd.js",
    "version": "0.1.4",
  },
]
`;

exports[`config function initBuild given path 2`] = `
Object {
  "@folo/forms": Object {
    "camelizedName": "foloForms",
    "dist": "D:\\\\projects\\\\js\\\\published\\\\builderz\\\\test\\\\samples\\\\packages-valid\\\\folo-forms\\\\dist",
    "ext": "js",
  },
  "@folo/layout": Object {
    "camelizedName": "foloLayout",
    "dist": "D:\\\\projects\\\\js\\\\published\\\\builderz\\\\test\\\\samples\\\\packages-valid\\\\folo-layout\\\\dist",
    "ext": "js",
  },
  "@folo/utils": Object {
    "camelizedName": "foloUtils",
    "dist": "D:\\\\projects\\\\js\\\\published\\\\builderz\\\\test\\\\samples\\\\packages-valid\\\\folo-utils\\\\dist",
    "ext": "js",
  },
  "@folo/withcontext": Object {
    "camelizedName": "foloWithcontext",
    "dist": "D:\\\\projects\\\\js\\\\published\\\\builderz\\\\test\\\\samples\\\\packages-valid\\\\folo-withcontext\\\\dist",
    "ext": "js",
  },
}
`;
