// Jest Snapshot v1, https://goo.gl/fbAQLP

exports[`tests plugin-ts for testing: bundling typeScript passes 1`] = `1`;

exports[`tests plugin-ts for testing: bundling typeScript passes 2`] = `
"var Foo = /** @class */ (function () {
    function Foo() {
    }
    Foo.prototype.add = function (random) {
        return random;
    };
    return Foo;
}());

var foo = new Foo();

module.exports = foo;
"
`;
